Benz is A grade and top speed is 200, will reach in 4 second
Toby got 50, in Math
